2024-06-28 12:20:02 hello world
2024-06-28 12:21:56 hello world
2024-06-28 12:22:14 hello world 
2024-06-28 12:22:39 hello world 
2024-06-28 12:23:12 hello world
